[wowtheme7.com/tf/betwins/betwins/index-three.html]
[wowtheme7.com/tf/betwins/betwins/assets/images/favicon.png]
[backblue.gif]
[fade.gif]
[index.html]
[wowtheme7.com/tf/betwins/betwins/assets/css/main.css]
[wowtheme7.com/tf/betwins/betwins/assets/css/responsive.css]
[wowtheme7.com/tf/betwins/betwins/assets/css/rtl-version.css]
[wowtheme7.com/tf/betwins/betwins/assets/css/template-settings.css]
[wowtheme7.com/tf/betwins/betwins/index.html]
[wowtheme7.com/tf/betwins/betwins/assets/images/logo.png]
[wowtheme7.com/tf/betwins/betwins/index-two.html]
[wowtheme7.com/tf/betwins/betwins/index-four.html]
[wowtheme7.com/tf/betwins/betwins/about-us.html]
[wowtheme7.com/tf/betwins/betwins/games.html]
[wowtheme7.com/tf/betwins/betwins/games-two.html]
[wowtheme7.com/tf/betwins/betwins/game-details.html]
[wowtheme7.com/tf/betwins/betwins/lottery.html]
[wowtheme7.com/tf/betwins/betwins/lottery-contest.html]
[wowtheme7.com/tf/betwins/betwins/lottery-result.html]
[wowtheme7.com/tf/betwins/betwins/lottery-details.html]
[wowtheme7.com/tf/betwins/betwins/faq.html]
[wowtheme7.com/tf/betwins/betwins/sign-in.html]
[wowtheme7.com/tf/betwins/betwins/sign-up.html]
[wowtheme7.com/tf/betwins/betwins/coming-soon.html]
[wowtheme7.com/tf/betwins/betwins/404.html]
[wowtheme7.com/tf/betwins/betwins/blog.html]
[wowtheme7.com/tf/betwins/betwins/blog-grid.html]
[wowtheme7.com/tf/betwins/betwins/blog-details.html]
[wowtheme7.com/tf/betwins/betwins/contact-us.html]
[wowtheme7.com/tf/betwins/betwins/assets/images/banner/banner-two-bg.png]
[wowtheme7.com/tf/betwins/betwins/assets/images/avatar/seven.png]
[wowtheme7.com/tf/betwins/betwins/assets/images/avatar/five.png]
[wowtheme7.com/tf/betwins/betwins/assets/images/avatar/four.png]
[wowtheme7.com/tf/betwins/betwins/assets/images/avatar/six.png]
[wowtheme7.com/tf/betwins/betwins/assets/images/banner/banner-two-thumb.png]
[wowtheme7.com/tf/betwins/betwins/assets/images/banner/banner-two-left.png]
[wowtheme7.com/tf/betwins/betwins/assets/images/banner/banner-two-right.png]
[wowtheme7.com/tf/betwins/betwins/assets/images/rocket.png]
[wowtheme7.com/tf/betwins/betwins/assets/images/sponsor/one.png]
[wowtheme7.com/tf/betwins/betwins/assets/images/sponsor/two.png]
[wowtheme7.com/tf/betwins/betwins/assets/images/sponsor/three.png]
[wowtheme7.com/tf/betwins/betwins/assets/images/sponsor/four.png]
[wowtheme7.com/tf/betwins/betwins/assets/images/sponsor/five.png]
[wowtheme7.com/tf/betwins/betwins/assets/images/sponsor/six.png]
[wowtheme7.com/tf/betwins/betwins/assets/images/sponsor/seven.png]
[wowtheme7.com/tf/betwins/betwins/assets/images/lottery-details.png]
[wowtheme7.com/tf/betwins/betwins/assets/images/lottery/one.png]
[wowtheme7.com/tf/betwins/betwins/assets/images/lottery/three.png]
[wowtheme7.com/tf/betwins/betwins/assets/images/lottery/two.png]
[wowtheme7.com/tf/betwins/betwins/assets/images/lottery/four.png]
[wowtheme7.com/tf/betwins/betwins/assets/images/left-th.png]
[wowtheme7.com/tf/betwins/betwins/assets/images/chart.png]
[wowtheme7.com/tf/betwins/betwins/assets/images/authentication/thumb-sm.png]
[wowtheme7.com/tf/betwins/betwins/assets/images/authentication/circle.png]
[wowtheme7.com/tf/betwins/betwins/assets/images/authentication/thumb.png]
[wowtheme7.com/tf/betwins/betwins/assets/images/authentication/numbers.png]
[wowtheme7.com/tf/betwins/betwins/assets/images/spring.png]
[wowtheme7.com/tf/betwins/betwins/assets/images/rocket-sm.png]
[wowtheme7.com/tf/betwins/betwins/assets/images/lottery-bg.png]
[wowtheme7.com/tf/betwins/betwins/assets/images/payment/visa.png]
[wowtheme7.com/tf/betwins/betwins/assets/images/payment/apple.png]
[wowtheme7.com/tf/betwins/betwins/assets/images/payment/bit.png]
[wowtheme7.com/tf/betwins/betwins/assets/images/payment/dines.png]
[wowtheme7.com/tf/betwins/betwins/assets/images/payment/discover.png]
[wowtheme7.com/tf/betwins/betwins/assets/images/payment/gpay.png]
[wowtheme7.com/tf/betwins/betwins/assets/images/payment/mastercard.png]
[wowtheme7.com/tf/betwins/betwins/assets/images/payment/paypal.png]
[wowtheme7.com/tf/betwins/betwins/assets/images/payment/verifone.png]
[wowtheme7.com/tf/betwins/betwins/assets/images/payment/amex.png]
[wowtheme7.com/tf/betwins/betwins/assets/images/right-wheel.png]
[wowtheme7.com/tf/betwins/betwins/assets/images/left-wheel.png]
[wowtheme7.com/tf/betwins/betwins/assets/images/testimonial/top.png]
[wowtheme7.com/tf/betwins/betwins/assets/images/testimonial/right.png]
[wowtheme7.com/tf/betwins/betwins/assets/images/testimonial/bottom.png]
[wowtheme7.com/tf/betwins/betwins/assets/images/testimonial/card.png]
[wowtheme7.com/tf/betwins/betwins/assets/images/avatar/one.png]
[wowtheme7.com/tf/betwins/betwins/assets/images/art.png]
[wowtheme7.com/tf/betwins/betwins/assets/images/square.png]
[wowtheme7.com/tf/betwins/betwins/assets/images/right-th.png]
[wowtheme7.com/tf/betwins/betwins/assets/images/avatar/a-one.png]
[wowtheme7.com/tf/betwins/betwins/assets/images/avatar/a-two.png]
[wowtheme7.com/tf/betwins/betwins/assets/images/avatar/a-three.png]
[wowtheme7.com/tf/betwins/betwins/assets/images/avatar/a-four.png]
[wowtheme7.com/tf/betwins/betwins/assets/images/avatar/a-five.png]
[wowtheme7.com/tf/betwins/betwins/assets/images/avatar/a-six.png]
[wowtheme7.com/tf/betwins/betwins/assets/images/avatar/a-seven.png]
[wowtheme7.com/tf/betwins/betwins/assets/images/avatar/a-eight.png]
[wowtheme7.com/tf/betwins/betwins/assets/images/blog/one.png]
[wowtheme7.com/tf/betwins/betwins/assets/images/blog/four.png]
[wowtheme7.com/tf/betwins/betwins/assets/images/blog/two.png]
[wowtheme7.com/tf/betwins/betwins/assets/images/footer/footer-bg.png]
[wowtheme7.com/tf/betwins/betwins/terms-conditions.html]
[wowtheme7.com/tf/betwins/betwins/privacy-policy.html]
[wowtheme7.com/tf/betwins/betwins/assets/images/footer/footer-two-left.png]
[wowtheme7.com/tf/betwins/betwins/assets/images/footer/footer-two-right.png]
[wowtheme7.com/tf/betwins/betwins/assets/js/jquery-3.7.1.min.js]
[wowtheme7.com/tf/betwins/betwins/assets/js/bootstrap.bundle.min.js]
[wowtheme7.com/tf/betwins/betwins/assets/js/jquery.nice-select.min.js]
[wowtheme7.com/tf/betwins/betwins/assets/js/jquery.magnific-popup.min.js]
[wowtheme7.com/tf/betwins/betwins/assets/js/swiper-bundle.min.js]
[wowtheme7.com/tf/betwins/betwins/assets/js/viewport.jquery.js]
[wowtheme7.com/tf/betwins/betwins/assets/js/odometer.min.js]
[wowtheme7.com/tf/betwins/betwins/assets/js/vanilla-tilt.min.js]
[wowtheme7.com/tf/betwins/betwins/assets/js/aos.js]
[wowtheme7.com/tf/betwins/betwins/assets/js/isotope.pkgd.min.js]
[wowtheme7.com/tf/betwins/betwins/assets/js/SplitText.min.js]
[wowtheme7.com/tf/betwins/betwins/assets/js/ScrollToPlugin.min.js]
[wowtheme7.com/tf/betwins/betwins/assets/js/ScrollTrigger.min.js]
[wowtheme7.com/tf/betwins/betwins/assets/js/gsap.min.js]
[wowtheme7.com/tf/betwins/betwins/assets/js/custom.js]
[wowtheme7.com/tf/betwins/betwins/index-three.html]
[wowtheme7.com/tf/betwins/betwins/assets/css/bootstrap.min.css]
[wowtheme7.com/tf/betwins/betwins/assets/fonts/css/all.min.css]
[wowtheme7.com/tf/betwins/betwins/assets/fonts/css/tabler-icons.min.css]
[wowtheme7.com/tf/betwins/betwins/assets/css/magnific-popup.css]
[wowtheme7.com/tf/betwins/betwins/assets/css/aos.css]
[wowtheme7.com/tf/betwins/betwins/assets/css/nice-select.css]
[wowtheme7.com/tf/betwins/betwins/assets/css/odometer.css]
[wowtheme7.com/tf/betwins/betwins/assets/css/swiper-bundle.min.css]
[wowtheme7.com/tf/betwins/betwins/assets/css/main.css]
[wowtheme7.com/tf/betwins/betwins/assets/css/responsive.css]
[wowtheme7.com/tf/betwins/betwins/assets/css/rtl-version.css]
[wowtheme7.com/tf/betwins/betwins/assets/css/template-settings.css]
[wowtheme7.com/tf/betwins/betwins/assets/images/banner/hero-bg.png]
[wowtheme7.com/tf/betwins/betwins/assets/images/banner/hero-thumb.png]
[wowtheme7.com/tf/betwins/betwins/assets/images/banner/lotter-stars.png]
[wowtheme7.com/tf/betwins/betwins/assets/images/banner/ball-one.png]
[wowtheme7.com/tf/betwins/betwins/assets/images/banner/ball-four.png]
[wowtheme7.com/tf/betwins/betwins/assets/images/banner/ball-two.png]
[wowtheme7.com/tf/betwins/betwins/assets/images/banner/ball-three.png]
[wowtheme7.com/tf/betwins/betwins/assets/images/rocket-two.png]
[wowtheme7.com/tf/betwins/betwins/assets/images/premium.png]
[wowtheme7.com/tf/betwins/betwins/assets/images/fantasy/ic-two.png]
[wowtheme7.com/tf/betwins/betwins/assets/images/fantasy/five.png]
[wowtheme7.com/tf/betwins/betwins/assets/images/fantasy/ic-one.png]
[wowtheme7.com/tf/betwins/betwins/assets/images/fantasy/six.png]
[wowtheme7.com/tf/betwins/betwins/assets/images/fantasy/long.png]
[wowtheme7.com/tf/betwins/betwins/assets/images/fantasy/ic-three.png]
[wowtheme7.com/tf/betwins/betwins/assets/images/fantasy/four.png]
[wowtheme7.com/tf/betwins/betwins/assets/images/fantasy/ic-six.png]
[wowtheme7.com/tf/betwins/betwins/assets/images/fantasy/two.png]
[wowtheme7.com/tf/betwins/betwins/assets/images/fantasy/bottom-thumb.png]
[wowtheme7.com/tf/betwins/betwins/assets/images/fantasy/right-thumb.png]
[wowtheme7.com/tf/betwins/betwins/assets/images/fantasy/btc.png]
[wowtheme7.com/tf/betwins/betwins/assets/images/about-thumb.png]
[wowtheme7.com/tf/betwins/betwins/assets/images/spring-two.png]
[wowtheme7.com/tf/betwins/betwins/assets/images/rocket-xs.png]
[wowtheme7.com/tf/betwins/betwins/assets/images/lottery-result.png]
[wowtheme7.com/tf/betwins/betwins/assets/images/result/four.png]
[wowtheme7.com/tf/betwins/betwins/assets/images/result/one.png]
[wowtheme7.com/tf/betwins/betwins/assets/images/result/two.png]
[wowtheme7.com/tf/betwins/betwins/assets/images/result/three.png]
[wowtheme7.com/tf/betwins/betwins/assets/images/result/five.png]
[wowtheme7.com/tf/betwins/betwins/assets/images/result/six.png]
[wowtheme7.com/tf/betwins/betwins/assets/images/vr.png]
[wowtheme7.com/tf/betwins/betwins/assets/images/arrow.png]
[wowtheme7.com/tf/betwins/betwins/assets/images/testimonial-bg.png]
[wowtheme7.com/tf/betwins/betwins/assets/images/testimonial/top-two.png]
[wowtheme7.com/tf/betwins/betwins/assets/images/testimonial/right-two.png]
[wowtheme7.com/tf/betwins/betwins/assets/images/testimonial/bottom-two.png]
[wowtheme7.com/tf/betwins/betwins/assets/images/testimonial/card-two.png]
[wowtheme7.com/tf/betwins/betwins/assets/images/footer/footer-bg-two.png]
[wowtheme7.com/tf/betwins/betwins/assets/images/newsletter-bg.png]
[wowtheme7.com/tf/betwins/betwins/assets/images/footer/footer-left.png]
[wowtheme7.com/tf/betwins/betwins/assets/images/footer/footer-right.png]
[wowtheme7.com/tf/betwins/betwins/index.html]
[wowtheme7.com/tf/betwins/betwins/assets/images/footer/arrow.png]
[wowtheme7.com/tf/betwins/betwins/assets/images/banner/hero.png]
[wowtheme7.com/tf/betwins/betwins/assets/images/banner/banner-thumb.png]
[wowtheme7.com/tf/betwins/betwins/assets/images/banner/b-rocket.png]
[wowtheme7.com/tf/betwins/betwins/assets/images/banner/btc.png]
[wowtheme7.com/tf/betwins/betwins/assets/images/banner/b-coin-up.png]
[wowtheme7.com/tf/betwins/betwins/assets/images/banner/b-coin-down.png]
[wowtheme7.com/tf/betwins/betwins/assets/images/banner/b-point.png]
[wowtheme7.com/tf/betwins/betwins/assets/images/banner/lottery.png]
[wowtheme7.com/tf/betwins/betwins/assets/images/game/eleven.png]
[wowtheme7.com/tf/betwins/betwins/assets/images/game/nineteen.png]
[wowtheme7.com/tf/betwins/betwins/assets/images/game/eighteen.png]
[wowtheme7.com/tf/betwins/betwins/assets/images/btc-two.png]
[wowtheme7.com/tf/betwins/betwins/assets/images/discover/discover-bg.png]
[wowtheme7.com/tf/betwins/betwins/assets/images/discover/thumb.png]
[wowtheme7.com/tf/betwins/betwins/assets/images/discover/one.png]
[wowtheme7.com/tf/betwins/betwins/assets/images/discover/two.png]
[wowtheme7.com/tf/betwins/betwins/assets/images/discover/three.png]
[wowtheme7.com/tf/betwins/betwins/assets/images/discover/four.png]
[wowtheme7.com/tf/betwins/betwins/assets/images/discover/vr.png]
[wowtheme7.com/tf/betwins/betwins/assets/images/tower.png]
[wowtheme7.com/tf/betwins/betwins/assets/images/left-arrow.png]
[wowtheme7.com/tf/betwins/betwins/assets/images/right-arrow.png]
[wowtheme7.com/tf/betwins/betwins/assets/images/line.png]
[wowtheme7.com/tf/betwins/betwins/assets/images/cr-bg.png]
[wowtheme7.com/tf/betwins/betwins/assets/images/king-card.png]
[wowtheme7.com/tf/betwins/betwins/assets/images/game/one.png]
[wowtheme7.com/tf/betwins/betwins/assets/images/game/two.png]
[wowtheme7.com/tf/betwins/betwins/assets/images/game/three.png]
[wowtheme7.com/tf/betwins/betwins/assets/images/game/four.png]
[wowtheme7.com/tf/betwins/betwins/assets/images/game-bg.png]
[wowtheme7.com/tf/betwins/betwins/assets/images/crypto/bnb.png]
[wowtheme7.com/tf/betwins/betwins/assets/images/avatar/nine.png]
[wowtheme7.com/tf/betwins/betwins/assets/images/crypto/graph.png]
[wowtheme7.com/tf/betwins/betwins/assets/images/avatar/eight.png]
[wowtheme7.com/tf/betwins/betwins/assets/images/crypto/tron.png]
[wowtheme7.com/tf/betwins/betwins/assets/images/crypto/teth.png]
[wowtheme7.com/tf/betwins/betwins/assets/images/crypto/make.png]
[wowtheme7.com/tf/betwins/betwins/assets/images/crypto/inu.png]
[wowtheme7.com/tf/betwins/betwins/assets/images/avatar/three.png]
[wowtheme7.com/tf/betwins/betwins/assets/images/crypto/doge.png]
[wowtheme7.com/tf/betwins/betwins/assets/images/avatar/two.png]
[wowtheme7.com/tf/betwins/betwins/assets/images/crypto/card.png]
[wowtheme7.com/tf/betwins/betwins/assets/images/faq/faq-thumb.png]
[wowtheme7.com/tf/betwins/betwins/assets/images/faq/circle.png]
[wowtheme7.com/tf/betwins/betwins/assets/images/faq/btc.png]
[wowtheme7.com/tf/betwins/betwins/assets/images/faq/eth.png]
[wowtheme7.com/tf/betwins/betwins/assets/images/faq/arrow.png]
[wowtheme7.com/tf/betwins/betwins/assets/images/faq/left-thumb.png]
[wowtheme7.com/tf/betwins/betwins/assets/images/faq/right-thumb.png]
[wowtheme7.com/tf/betwins/betwins/assets/images/blog/three.png]
[wowtheme7.com/tf/betwins/betwins/index-two.html]
[wowtheme7.com/tf/betwins/betwins/assets/images/banner/banner-three-bg.png]
[wowtheme7.com/tf/betwins/betwins/assets/images/banner/banner-three-thumb.png]
[wowtheme7.com/tf/betwins/betwins/assets/images/banner/shape.png]
[wowtheme7.com/tf/betwins/betwins/assets/images/banner/banner-three-right.png]
[wowtheme7.com/tf/betwins/betwins/assets/images/lottery-details-bg.png]
[wowtheme7.com/tf/betwins/betwins/assets/images/fantasy/one.png]
[wowtheme7.com/tf/betwins/betwins/assets/images/fantasy/ic-five.png]
[wowtheme7.com/tf/betwins/betwins/assets/images/fantasy/three.png]
[wowtheme7.com/tf/betwins/betwins/assets/images/winner.png]
[wowtheme7.com/tf/betwins/betwins/assets/images/light.png]
[wowtheme7.com/tf/betwins/betwins/assets/images/car.png]
[wowtheme7.com/tf/betwins/betwins/assets/images/trophy.png]
[wowtheme7.com/tf/betwins/betwins/assets/images/lottery-winner.png]
[wowtheme7.com/tf/betwins/betwins/index-four.html]
[wowtheme7.com/tf/betwins/betwins/assets/images/banner/cmn-banner-bg.png]
[wowtheme7.com/tf/betwins/betwins/assets/images/banner/cmn-banner-thumb.png]
[wowtheme7.com/tf/betwins/betwins/assets/images/banner/coin-up.png]
[wowtheme7.com/tf/betwins/betwins/assets/images/banner/rocket.png]
[wowtheme7.com/tf/betwins/betwins/assets/images/banner/coin-down.png]
[wowtheme7.com/tf/betwins/betwins/assets/images/banner/point.png]
[wowtheme7.com/tf/betwins/betwins/assets/images/banner/bg-r.png]
[wowtheme7.com/tf/betwins/betwins/assets/images/banner/bg-l.png]
[wowtheme7.com/tf/betwins/betwins/about-us.html]
[wowtheme7.com/tf/betwins/betwins/assets/images/game/seventeen.png]
[wowtheme7.com/tf/betwins/betwins/assets/images/game/sixteen.png]
[wowtheme7.com/tf/betwins/betwins/assets/images/game/fifteen.png]
[wowtheme7.com/tf/betwins/betwins/assets/images/game/fourteen.png]
[wowtheme7.com/tf/betwins/betwins/assets/images/game/thirteen.png]
[wowtheme7.com/tf/betwins/betwins/assets/images/game/twelve.png]
[wowtheme7.com/tf/betwins/betwins/games.html]
[wowtheme7.com/tf/betwins/betwins/assets/images/game/five.png]
[wowtheme7.com/tf/betwins/betwins/assets/images/game/six.png]
[wowtheme7.com/tf/betwins/betwins/assets/images/game/seven.png]
[wowtheme7.com/tf/betwins/betwins/assets/images/game/eight.png]
[wowtheme7.com/tf/betwins/betwins/assets/images/game/nine.png]
[wowtheme7.com/tf/betwins/betwins/assets/images/game/ten.png]
[wowtheme7.com/tf/betwins/betwins/games-two.html]
[wowtheme7.com/tf/betwins/betwins/assets/images/lottery/jackpot.png]
[wowtheme7.com/tf/betwins/betwins/game-details.html]
[wowtheme7.com/tf/betwins/betwins/lottery.html]
[wowtheme7.com/tf/betwins/betwins/lottery-contest.html]
[wowtheme7.com/tf/betwins/betwins/lottery-result.html]
[wowtheme7.com/tf/betwins/betwins/lottery-details.html]
[wowtheme7.com/tf/betwins/betwins/assets/images/faq/faq-bg.png]
[wowtheme7.com/tf/betwins/betwins/faq.html]
[wowtheme7.com/tf/betwins/betwins/assets/images/error-bg.jpg]
[wowtheme7.com/tf/betwins/betwins/sign-in.html]
[wowtheme7.com/tf/betwins/betwins/sign-up.html]
[wowtheme7.com/tf/betwins/betwins/coming-soon.html]
[wowtheme7.com/tf/betwins/betwins/assets/images/error.png]
[wowtheme7.com/tf/betwins/betwins/404.html]
[wowtheme7.com/tf/betwins/betwins/assets/images/blog/ten.png]
[wowtheme7.com/tf/betwins/betwins/assets/images/blog/eleven.png]
[wowtheme7.com/tf/betwins/betwins/assets/images/blog/ph-one.png]
[wowtheme7.com/tf/betwins/betwins/assets/images/blog/ph-two.png]
[wowtheme7.com/tf/betwins/betwins/assets/images/blog/ph-three.png]
[wowtheme7.com/tf/betwins/betwins/assets/images/blog/ph-four.png]
[wowtheme7.com/tf/betwins/betwins/blog.html]
[wowtheme7.com/tf/betwins/betwins/assets/images/blog/five.png]
[wowtheme7.com/tf/betwins/betwins/assets/images/blog/six.png]
[wowtheme7.com/tf/betwins/betwins/assets/images/avatar/ten.png]
[wowtheme7.com/tf/betwins/betwins/assets/images/blog/seven.png]
[wowtheme7.com/tf/betwins/betwins/assets/images/avatar/eleven.png]
[wowtheme7.com/tf/betwins/betwins/assets/images/blog/eight.png]
[wowtheme7.com/tf/betwins/betwins/assets/images/avatar/twelve.png]
[wowtheme7.com/tf/betwins/betwins/assets/images/blog/nine.png]
[wowtheme7.com/tf/betwins/betwins/assets/images/avatar/thirteen.png]
[wowtheme7.com/tf/betwins/betwins/blog-grid.html]
[wowtheme7.com/tf/betwins/betwins/assets/images/blog/poster.png]
[wowtheme7.com/tf/betwins/betwins/assets/images/blog/poster-one.png]
[wowtheme7.com/tf/betwins/betwins/blog-details.html]
[wowtheme7.com/tf/betwins/betwins/assets/images/blog/poster-two.png]
[wowtheme7.com/tf/betwins/betwins/contact-us.html]
[wowtheme7.com/tf/betwins/betwins/assets/images/privacy.png]
[wowtheme7.com/tf/betwins/betwins/terms-conditions.html]
[wowtheme7.com/tf/betwins/betwins/privacy-policy.html]
[wowtheme7.com/tf/betwins/betwins/assets/css/bootstrap.min.css]
[wowtheme7.com/tf/betwins/betwins/assets/fonts/webfonts/fa-brands-400.woff2]
[wowtheme7.com/tf/betwins/betwins/assets/fonts/webfonts/fa-brands-400.ttf]
[wowtheme7.com/tf/betwins/betwins/assets/fonts/webfonts/fa-regular-400.woff2]
[wowtheme7.com/tf/betwins/betwins/assets/fonts/webfonts/fa-regular-400.ttf]
[wowtheme7.com/tf/betwins/betwins/assets/fonts/webfonts/fa-solid-900.woff2]
[wowtheme7.com/tf/betwins/betwins/assets/fonts/webfonts/fa-solid-900.ttf]
[wowtheme7.com/tf/betwins/betwins/assets/fonts/webfonts/fa-v4compatibility.woff2]
[wowtheme7.com/tf/betwins/betwins/assets/fonts/css/all.min.css]
[wowtheme7.com/tf/betwins/betwins/assets/fonts/webfonts/fa-v4compatibility.ttf]
[wowtheme7.com/tf/betwins/betwins/assets/fonts/webfonts/tabler-iconsea40.eot]
[wowtheme7.com/tf/betwins/betwins/assets/fonts/webfonts/tabler-iconsd41d.eot]
[wowtheme7.com/tf/betwins/betwins/assets/fonts/webfonts/tabler-iconsea40.woff2]
[wowtheme7.com/tf/betwins/betwins/assets/fonts/webfonts/tabler-iconsd41d.woff]
[wowtheme7.com/tf/betwins/betwins/assets/fonts/css/tabler-icons.min.css]
[wowtheme7.com/tf/betwins/betwins/assets/css/magnific-popup.css]
[wowtheme7.com/tf/betwins/betwins/assets/css/aos.css]
[wowtheme7.com/tf/betwins/betwins/assets/css/nice-select.css]
[wowtheme7.com/tf/betwins/betwins/assets/css/odometer.css]
[wowtheme7.com/tf/betwins/betwins/assets/css/swiper-bundle.min.css]
[wowtheme7.com/tf/betwins/betwins/assets/fonts/webfonts/tabler-iconsea40.ttf]
